[www.ahchospitality.com/index.html]
[ahc-9c66.kxcdn.com/apple-touch-icon.png]
[ahc-9c66.kxcdn.com/favicon-32x32.png]
[ahc-9c66.kxcdn.com/favicon-16x16.png]
[ahc-9c66.kxcdn.com/assets/dist/css/main-ea169b474d.min.css]
[api.mapbox.com/mapbox-gl-js/v1.6.1/mapbox-gl.js]
[backblue.gif]
[fade.gif]
[index.html]
[api.mapbox.com/mapbox-gl-js/v1.6.1/mapbox-gl.css]
[www.ahchospitality.com/humans.txt]
[www.ahchospitality.com/about.html]
[www.ahchospitality.com/about/our-leadership.html]
[www.ahchospitality.com/about/diversity-inclusion.html]
[www.ahchospitality.com/about/awards.html]
[www.ahchospitality.com/services.html]
[www.ahchospitality.com/properties.html]
[www.ahchospitality.com/properties/ac-hotel-by-marriott-grand-rapids-downtown.html]
[www.ahchospitality.com/properties/amway-grand-plaza.html]
[www.ahchospitality.com/properties/brownwood-hotel-spa.html]
[www.ahchospitality.com/properties/courtyard-by-marriott.html]
[www.ahchospitality.com/properties/doubletree-by-hilton-port-huron.html]
[www.ahchospitality.com/properties/hyatt-place-grand-rapids-downtown.html]
[www.ahchospitality.com/properties/jw-marriott.html]
[www.ahchospitality.com/properties/peter-island-resort-spa.html]
[www.ahchospitality.com/properties/ruths-chris-steak-house-ann-arbor.html]
[www.ahchospitality.com/properties/the-waterfront-inn.html]
[www.ahchospitality.com/development.html]
[www.ahchospitality.com/development/case-studies.html]
[www.ahchospitality.com/careers.html]
[www.ahchospitality.com/contact.html]
[ahc-9c66.kxcdn.com/assets/i/general/10614/AHC_Website_AmwayGrand_5ad325f103b9939cbeb937164affd23a.png]
[ahc-9c66.kxcdn.com/assets/i/general/10615/AHC_Website_JW_5ad325f103b9939cbeb937164affd23a.png]
[ahc-9c66.kxcdn.com/assets/i/general/10616/AHC_Website_AC_Marriott_5ad325f103b9939cbeb937164affd23a.png]
[ajax.googleapis.com/ajax/libs/jquery/3.3.1/jquery.min.js]
[ahc-9c66.kxcdn.com/assets/dist/js/main-b62ae0ab5c.min.js]
[ahc-9c66.kxcdn.com/assets/js/cookieinfo.min.js]
[www.ahchospitality.com/index.html]
[ahc-9c66.kxcdn.com/assets/dist/css/main-ea169b474d.min.css]
[api.mapbox.com/mapbox-gl-js/v1.6.1/mapbox-gl.css]
[www.googletagmanager.com/gtm5445.html]
[www.ahchospitality.com/privacy-policy.html]
[ahc-9c66.kxcdn.com/assets/i/general/10630/AHC_Website_Margaux_e3ded9018c14f95f249029a494e6bb13.png]
[ahc-9c66.kxcdn.com/assets/i/general/10632/AHC_Website_AC_Lounge_e3ded9018c14f95f249029a494e6bb13.png]
[www.ahchospitality.com/about.html]
[ahc-9c66.kxcdn.com/assets/i/leadership/165/Rick-Winn_2017_77c8ed2d104ef66dc734fd23508c5c94.jpg]
[ahc-9c66.kxcdn.com/assets/i/leadership/19936/George_web_2022_77c8ed2d104ef66dc734fd23508c5c94.jpg]
[ahc-9c66.kxcdn.com/assets/i/leadership/167/Mark-Koster-low-res_2017_77c8ed2d104ef66dc734fd23508c5c94.jpg]
[ahc-9c66.kxcdn.com/assets/i/leadership/168/ron-brondyke_77c8ed2d104ef66dc734fd23508c5c94.jpg]
[ahc-9c66.kxcdn.com/assets/i/leadership/169/Lauren-Knowlton-thumbnail_2017_77c8ed2d104ef66dc734fd23508c5c94.jpg]
[ahc-9c66.kxcdn.com/assets/i/gallery/9220/Chad-LeRoux_2021_Crop_NEW_77c8ed2d104ef66dc734fd23508c5c94.jpg]
[ahc-9c66.kxcdn.com/assets/i/gallery/11646/Kylene-Geyer_Square_77c8ed2d104ef66dc734fd23508c5c94.jpg]
[ahc-9c66.kxcdn.com/assets/i/gallery/11647/celia-smile-crop_square_77c8ed2d104ef66dc734fd23508c5c94.jpg]
[ahc-9c66.kxcdn.com/assets/i/leadership/18916/Adam_Tanner_Crop_77c8ed2d104ef66dc734fd23508c5c94.jpg]
[ahc-9c66.kxcdn.com/assets/i/leadership/172/DarinJemison_77c8ed2d104ef66dc734fd23508c5c94.jpg]
[ahc-9c66.kxcdn.com/assets/i/leadership/197/Jen-Cutter-website-2018_77c8ed2d104ef66dc734fd23508c5c94.jpg]
[ahc-9c66.kxcdn.com/assets/i/gallery/9359/nick-remes-headshot-small_Crop_final_77c8ed2d104ef66dc734fd23508c5c94.jpg]
[ahc-9c66.kxcdn.com/assets/i/gallery/9360/Ross_small_crop_final_77c8ed2d104ef66dc734fd23508c5c94.jpg]
[ahc-9c66.kxcdn.com/assets/i/gallery/11649/John_Kuithe_March2022_Square_77c8ed2d104ef66dc734fd23508c5c94.jpg]
[ahc-9c66.kxcdn.com/assets/i/leadership/198/Steve-Nawrocki_77c8ed2d104ef66dc734fd23508c5c94.jpg]
[ahc-9c66.kxcdn.com/assets/i/gallery/7919/MeganWacker_website_77c8ed2d104ef66dc734fd23508c5c94.jpg]
[ahc-9c66.kxcdn.com/assets/i/leadership/199/larry-white_77c8ed2d104ef66dc734fd23508c5c94.jpg]
[ahc-9c66.kxcdn.com/assets/i/leadership/200/nick-griffioen_77c8ed2d104ef66dc734fd23508c5c94.jpg]
[ahc-9c66.kxcdn.com/assets/i/gallery/11648/Stacee_Gadea_77c8ed2d104ef66dc734fd23508c5c94.jpg]
[ahc-9c66.kxcdn.com/assets/i/leadership/202/josh-serba_77c8ed2d104ef66dc734fd23508c5c94.jpg]
[www.ahchospitality.com/about/our-leadership.html]
[www.ahchospitality.com/about/diversity-inclusion.html]
[ahc-9c66.kxcdn.com/assets/i/properties/Amway-Grand-Plaza/11225/MDRD-Logo-01-01-1_5ad325f103b9939cbeb937164affd23a.png]
[ahc-9c66.kxcdn.com/assets/i/general/Awards/11755/DEI-Finalist-Social-Media-Packet-EPIC-2021-05_5ad325f103b9939cbeb937164affd23a.png]
[ahc-9c66.kxcdn.com/assets/i/general/Awards/20633/Stella2022_Winner-Badges_square-badge_5ad325f103b9939cbeb937164affd23a.jpg]
[ahc-9c66.kxcdn.com/assets/i/general/Awards/277/GRRJW_4C-border_5ad325f103b9939cbeb937164affd23a.jpg]
[www.ahchospitality.com/jw-marriott.3d.delayed]
[ahc-9c66.kxcdn.com/assets/i/general/Awards/278/usnews-best-hotels_5ad325f103b9939cbeb937164affd23a.jpg]
[www.ahchospitality.com/amway-grand-plaza]
[ahc-9c66.kxcdn.com/assets/i/general/Awards/10277/Curio_Blk_5ad325f103b9939cbeb937164affd23a.jpg]
[ahc-9c66.kxcdn.com/assets/i/general/Awards/288/cn-traveler_5ad325f103b9939cbeb937164affd23a.jpg]
[www.ahchospitality.com/peter-island-resort-spa]
[ahc-9c66.kxcdn.com/assets/i/general/Awards/289/ruths-chris_5ad325f103b9939cbeb937164affd23a.jpg]
[ahc-9c66.kxcdn.com/assets/i/general/Awards/290/Marriott-awards-of-excellence_5ad325f103b9939cbeb937164affd23a.jpg]
[www.ahchospitality.com/about/awards.html]
[ahc-9c66.kxcdn.com/assets/i/general/Dining/383/Rendezvous-night_Ham2017_5ad325f103b9939cbeb937164affd23a.jpg]
[ahc-9c66.kxcdn.com/assets/i/general/Dining/384/Drinks-033_5ad325f103b9939cbeb937164affd23a.jpg]
[ahc-9c66.kxcdn.com/assets/i/general/Dining/385/Ruths-Chris-1_5ad325f103b9939cbeb937164affd23a.jpg]
[ahc-9c66.kxcdn.com/assets/i/general/Dining/386/AGP_Signature-cocktail-lumber-baron-jeremy1_5ad325f103b9939cbeb937164affd23a.jpg]
[ahc-9c66.kxcdn.com/assets/i/general/Dining/387/Entree_Lamb_June2016_5ad325f103b9939cbeb937164affd23a.jpg]
[ahc-9c66.kxcdn.com/assets/i/general/Dining/389/jwgr_mixology_classic-and-seasonal-jdub_5ad325f103b9939cbeb937164affd23a.jpg]
[www.ahchospitality.com/services.html]
[ahc-9c66.kxcdn.com/assets/i/properties/641/AC_GRRAR_Front_Entrance_Exterior_501a59eb86302da2ca9441f81045a081.jpg]
[ahc-9c66.kxcdn.com/assets/i/properties/Amway-Grand-Plaza/436/amway-grand-plaza-entrance_501a59eb86302da2ca9441f81045a081.jpg]
[ahc-9c66.kxcdn.com/assets/i/properties/BW/2485/BW_preview_sq_501a59eb86302da2ca9441f81045a081.jpg]
[ahc-9c66.kxcdn.com/assets/i/properties/629/Courtyard_Extereior_501a59eb86302da2ca9441f81045a081.jpg]
[ahc-9c66.kxcdn.com/assets/i/properties/12496/Front-View-MR-Copy_501a59eb86302da2ca9441f81045a081.jpg]
[ahc-9c66.kxcdn.com/assets/i/properties/637/Hyatt-Place-GR-exterior-night_Ham2019_501a59eb86302da2ca9441f81045a081.jpg]
[ahc-9c66.kxcdn.com/assets/i/properties/627/jw-marriott-gr_501a59eb86302da2ca9441f81045a081.jpg]
[ahc-9c66.kxcdn.com/assets/i/properties/631/PeterIslandAERShot03_501a59eb86302da2ca9441f81045a081.jpg]
[ahc-9c66.kxcdn.com/assets/i/properties/16444/IMG_1623_501a59eb86302da2ca9441f81045a081.jpg]
[ahc-9c66.kxcdn.com/assets/i/properties/633/Waterfroninn_501a59eb86302da2ca9441f81045a081.jpg]
[www.ahchospitality.com/properties/ada-house.html]
[ahc-9c66.kxcdn.com/assets/i/properties/11851/AHC_AdaHouseWebGRaphic_March2022_501a59eb86302da2ca9441f81045a081.jpg]
[www.ahchospitality.com/properties.html]
[www.ahchospitality.com/properties/ac-hotel-by-marriott-grand-rapids-downtown.html]
[www.ahchospitality.com/properties/amway-grand-plaza.html]
[www.ahchospitality.com/properties/brownwood-hotel-spa.html]
[www.ahchospitality.com/properties/courtyard-by-marriott.html]
[www.ahchospitality.com/properties/doubletree-by-hilton-port-huron.html]
[www.ahchospitality.com/properties/hyatt-place-grand-rapids-downtown.html]
[www.ahchospitality.com/properties/jw-marriott.html]
[www.ahchospitality.com/properties/peter-island-resort-spa.html]
[www.ahchospitality.com/properties/ruths-chris-steak-house-ann-arbor.html]
[www.ahchospitality.com/properties/the-waterfront-inn.html]
[www.ahchospitality.com/development.html]
[www.ahchospitality.com/development/case-studies.html]
[www.ahchospitality.com/careers.html]
[www.ahchospitality.com/contact.html]
[www.ahchospitality.com/privacy-policy.html]
[www.ahchospitality.com/jw-marriott.html]
[www.ahchospitality.com/amway-grand-plaza.html]
[www.ahchospitality.com/peter-island-resort-spa.html]
[www.ahchospitality.com/properties/ada-house.html]
